2026-05-10 13:54:18 Service started.
2026-05-10 13:54:18 Initial last_face_time = 1778446312
2026-05-10 13:54:19 Age=146.9s, Locked=True
2026-05-10 13:54:20 Age=147.9s, Locked=True
2026-05-10 13:54:21 Age=148.9s, Locked=True
2026-05-10 13:54:22 Age=149.9s, Locked=True
2026-05-10 13:54:23 Age=150.9s, Locked=True
2026-05-10 13:54:24 Age=151.9s, Locked=True
2026-05-10 13:54:25 Age=152.9s, Locked=True
2026-05-10 13:54:39 Service started.
2026-05-10 13:54:39 Initial last_face_time = 1778446312
2026-05-10 13:54:40 Age=168.0s, Locked=True
2026-05-10 13:54:41 Age=169.1s, Locked=True
2026-05-10 13:54:42 Age=170.1s, Locked=True
2026-05-10 13:54:43 Age=171.1s, Locked=True
2026-05-10 13:54:44 Age=172.1s, Locked=True
2026-05-10 13:54:45 Age=173.2s, Locked=True
2026-05-10 13:54:46 Age=174.3s, Locked=True
2026-05-10 13:54:47 Age=175.5s, Locked=True
2026-05-10 13:55:01 Age=10.9s, Locked=True
2026-05-10 13:55:02 Age=11.9s, Locked=True
2026-05-10 13:55:03 Age=12.9s, Locked=True
2026-05-10 13:55:04 Age=14.0s, Locked=True
2026-05-10 13:55:05 Age=15.0s, Locked=True
2026-05-10 13:55:06 Age=16.0s, Locked=True
2026-05-10 13:55:07 Age=17.0s, Locked=True
2026-05-10 13:55:08 Age=18.0s, Locked=True
2026-05-10 13:55:09 Age=19.0s, Locked=True
2026-05-10 13:55:10 Age=20.0s, Locked=True
2026-05-10 13:55:11 Age=21.0s, Locked=True
2026-05-10 13:55:12 Age=22.0s, Locked=True
2026-05-10 13:55:13 Age=23.0s, Locked=True
2026-05-10 13:55:14 Age=24.0s, Locked=True
2026-05-10 13:55:15 Age=25.1s, Locked=True
2026-05-10 13:55:16 Age=26.1s, Locked=True
2026-05-10 13:55:17 Age=27.1s, Locked=True
2026-05-10 13:55:18 Age=28.1s, Locked=True
2026-05-10 13:55:19 Age=29.1s, Locked=True
2026-05-10 13:55:20 Age=30.1s, Locked=True
2026-05-10 13:55:21 Age=31.1s, Locked=True
2026-05-10 13:55:22 Age=32.2s, Locked=True
2026-05-10 13:55:23 Age=33.2s, Locked=True
2026-05-10 13:55:24 Age=34.2s, Locked=True
2026-05-10 13:55:25 Age=35.2s, Locked=True
2026-05-10 13:55:26 Age=36.2s, Locked=True
2026-05-10 13:55:27 Age=37.2s, Locked=True
2026-05-10 13:55:28 Age=38.2s, Locked=True
2026-05-10 13:55:29 Age=39.2s, Locked=True
2026-05-10 13:55:30 Age=40.3s, Locked=True
2026-05-10 13:55:45 Age=10.5s, Locked=True
2026-05-10 13:55:46 Age=11.5s, Locked=True
2026-05-10 13:55:47 Age=12.5s, Locked=True
2026-05-10 13:55:48 Age=13.5s, Locked=True
2026-05-10 13:55:49 Age=14.6s, Locked=True
2026-05-10 13:55:50 Age=15.6s, Locked=True
2026-05-10 13:55:51 Age=16.6s, Locked=True
2026-05-10 13:55:52 Age=17.6s, Locked=True
2026-05-10 13:55:53 Age=18.6s, Locked=True
2026-05-10 13:55:54 Age=19.6s, Locked=True
2026-05-10 13:55:55 Age=20.6s, Locked=True
2026-05-10 13:55:56 Age=21.6s, Locked=True
2026-05-10 13:55:57 Age=22.6s, Locked=True
2026-05-10 13:55:58 Age=23.6s, Locked=True
2026-05-10 13:55:59 Age=24.6s, Locked=True
2026-05-10 13:56:00 Age=25.7s, Locked=True
2026-05-10 13:56:01 Age=26.7s, Locked=True
2026-05-10 13:56:02 Age=27.7s, Locked=True
2026-05-10 13:56:03 Age=28.7s, Locked=True
2026-05-10 13:56:04 Age=29.7s, Locked=True
2026-05-10 13:56:05 Age=30.7s, Locked=True
2026-05-10 13:56:06 Age=31.8s, Locked=True
2026-05-10 13:56:07 Age=32.8s, Locked=True
2026-05-10 13:56:08 Age=33.8s, Locked=True
2026-05-10 13:56:09 Age=34.8s, Locked=True
2026-05-10 13:56:10 Age=35.8s, Locked=True
2026-05-10 13:56:11 Age=36.8s, Locked=True
2026-05-10 13:56:12 Age=37.8s, Locked=True
2026-05-10 13:56:13 Age=38.8s, Locked=True
2026-05-10 13:56:14 Age=39.8s, Locked=True
2026-05-10 13:56:15 Age=40.8s, Locked=True
2026-05-10 13:56:16 Age=41.8s, Locked=True
2026-05-10 13:56:17 Age=42.8s, Locked=True
2026-05-10 13:56:18 Age=43.8s, Locked=True
2026-05-10 13:56:19 Age=44.8s, Locked=True
2026-05-10 13:56:20 Age=45.9s, Locked=True
2026-05-10 13:56:21 Age=46.9s, Locked=True
2026-05-10 13:56:22 Age=47.9s, Locked=True
2026-05-10 13:56:23 Age=48.9s, Locked=True
2026-05-10 13:56:24 Age=49.9s, Locked=True
2026-05-10 13:56:25 Age=50.9s, Locked=True
2026-05-10 13:56:26 Age=51.9s, Locked=True
2026-05-10 13:56:27 Age=52.9s, Locked=True
2026-05-10 13:56:28 Age=53.9s, Locked=True
2026-05-10 13:56:29 Age=55.0s, Locked=True
2026-05-10 13:56:30 Age=56.0s, Locked=True
2026-05-10 13:56:31 Age=57.0s, Locked=True
2026-05-10 13:56:32 Age=58.0s, Locked=True
2026-05-10 13:56:34 Age=59.0s, Locked=True
2026-05-10 13:56:35 Age=60.0s, Locked=True
2026-05-10 13:56:36 Age=61.0s, Locked=True
2026-05-10 13:56:37 Age=62.1s, Locked=True
2026-05-10 13:56:38 Age=63.1s, Locked=True
2026-05-10 13:56:39 Age=64.1s, Locked=True
2026-05-10 13:56:40 Age=65.1s, Locked=True
2026-05-10 13:56:41 Age=66.1s, Locked=True
2026-05-10 13:56:42 Age=67.1s, Locked=True
2026-05-10 13:56:43 Age=68.1s, Locked=True
2026-05-10 13:56:44 Age=69.1s, Locked=True
2026-05-10 13:56:45 Age=70.1s, Locked=True
2026-05-10 13:56:46 Age=71.1s, Locked=True
2026-05-10 13:56:47 Age=72.1s, Locked=True
2026-05-10 13:56:48 Age=73.2s, Locked=True
2026-05-10 13:56:49 Age=74.2s, Locked=True
2026-05-10 13:56:49 Stop event received.
2026-05-10 13:56:49 Service stopped.
